// Jest Snapshot v1, https://goo.gl/fbAQLP

exports[`Utils Integration (JWT, API Health) should return health status 1`] = `
{
  "environment": "test",
  "status": "OK",
  "timestamp": "2025-07-07T12:30:44.087Z",
  "uptime": Any<Number>,
}
`;
